<html>
<body>
<pre>
<h1>µVision Build Log</h1>
<h2>Tool Versions:</h2>
IDE-Version: µVision V5.37.0.0
Copyright (C) 2022 ARM Ltd and ARM Germany GmbH. All rights reserved.
License Information: Mahamudul Hasan, amarSource, LIC=----
 
Tool Versions:
Toolchain:       MDK-Lite  Version: 5.37.0.0
Toolchain Path:  C:\Keil_v5\ARM\ARMCLANG\Bin
C Compiler:      ArmClang.exe V6.18
Assembler:       Armasm.exe V6.18
Linker/Locator:  ArmLink.exe V6.18
Library Manager: ArmAr.exe V6.18
Hex Converter:   FromElf.exe V6.18
CPU DLL:         SARMCM3.DLL V5.37.0.0
Dialog DLL:      DCM.DLL V1.17.5.0
Target DLL:      UL2CM3.DLL V1.164.7.0
Dialog DLL:      TCM.DLL V1.56.1.0
 
<h2>Project:</h2>
H:\Microcontroller\stm32\Keil\v2.1_I2C_Master_Receive_Transmit\I2C_Master_Receive_Transmit.uvprojx
Project File Date:  08/15/2022

<h2>Output:</h2>
*** Using Compiler 'V6.18', folder: 'C:\Keil_v5\ARM\ARMCLANG\Bin'
Build target 'Target 1'
I2C.c(5): warning: // comments are not allowed in this language [-Wcomment]
  // 1. Enable the i2c clock and gpio clock
  ^
I2C.c(18): warning: implicit conversion changes signedness: 'int' to 'unsigned int' [-Wsign-conversion]
        I2C1->CR1 &= ~(1 << 15);
                  ~~ ^~~~~~~~~~
I2C.c(24): warning: implicit conversion changes signedness: 'int' to 'unsigned int' [-Wsign-conversion]
        I2C1->CCR &= ~(1 << 15); // Sm mode
                  ~~ ^~~~~~~~~~
I2C.c(25): warning: implicit conversion changes signedness: 'int' to 'unsigned int' [-Wsign-conversion]
        I2C1->CCR &= ~(1 << 14); // duty is also 0, as we not use the fast mode
                  ~~ ^~~~~~~~~~
I2C.c(60): warning: implicit conversion loses integer precision: 'unsigned int' to 'uint8_t' (aka 'unsigned char') [-Wimplicit-int-conversion]
        uint8_t temp = I2C1->SR1 | I2C1->SR2;
                ~~~~   ~~~~~~~~~~^~~~~~~~~~~
I2C.c(60): warning: mixing declarations and code is a C99 extension [-Wdeclaration-after-statement]
        uint8_t temp = I2C1->SR1 | I2C1->SR2;
                ^
I2C.c(60): warning: unused variable 'temp' [-Wunused-variable]
I2C.c(89): warning: implicit conversion changes signedness: 'int' to 'unsigned int' [-Wsign-conversion]
                I2C1->CR1 &= ~(1 << 10);
                          ~~ ^~~~~~~~~~
I2C.c(90): warning: implicit conversion loses integer precision: 'unsigned int' to 'uint8_t' (aka 'unsigned char') [-Wimplicit-int-conversion]
                uint8_t temp = I2C1->SR1 | I2C1->SR2;
                        ~~~~   ~~~~~~~~~~^~~~~~~~~~~
I2C.c(97): warning: implicit conversion loses integer precision: 'volatile uint32_t' (aka 'volatile unsigned int') to 'uint8_t' (aka 'unsigned char') [-Wimplicit-int-conversion]
                buffer[size-remaning] = I2C1->DR;
                                      ~ ~~~~~~^~
I2C.c(90): warning: mixing declarations and code is a C99 extension [-Wdeclaration-after-statement]
                uint8_t temp = I2C1->SR1 | I2C1->SR2;
                        ^
I2C.c(90): warning: unused variable 'temp' [-Wunused-variable]
I2C.c(105): warning: implicit conversion loses integer precision: 'unsigned int' to 'uint8_t' (aka 'unsigned char') [-Wimplicit-int-conversion]
                uint8_t temp = I2C1->SR1 | I2C1->SR2;
                        ~~~~   ~~~~~~~~~~^~~~~~~~~~~
I2C.c(112): warning: implicit conversion loses integer precision: 'volatile uint32_t' (aka 'volatile unsigned int') to 'uint8_t' (aka 'unsigned char') [-Wimplicit-int-conversion]
                        buffer[size-remaning] = I2C1->DR;
                                              ~ ~~~~~~^~
I2C.c(123): warning: implicit conversion loses integer precision: 'volatile uint32_t' (aka 'volatile unsigned int') to 'uint8_t' (aka 'unsigned char') [-Wimplicit-int-conversion]
                        buffer[size-remaning] = I2C1->DR; // Read the SECOND LAST BYTE
                                              ~ ~~~~~~^~
I2C.c(127): warning: implicit conversion changes signedness: 'int' to 'unsigned int' [-Wsign-conversion]
                I2C1->CR1 &= ~(1 <<10); // clear the ACK bit
                          ~~ ^~~~~~~~~
I2C.c(136): warning: implicit conversion loses integer precision: 'volatile uint32_t' (aka 'volatile unsigned int') to 'uint8_t' (aka 'unsigned char') [-Wimplicit-int-conversion]
                buffer[size-remaning] = I2C1->DR;
                                      ~ ~~~~~~^~
I2C.c(105): warning: mixing declarations and code is a C99 extension [-Wdeclaration-after-statement]
                uint8_t temp = I2C1->SR1 | I2C1->SR2;
                        ^
I2C.c(105): warning: unused variable 'temp' [-Wunused-variable]
I2C.c(144): warning: no newline at end of file [-Wnewline-eof]
}
 ^
I2C.c(80): warning: no previous prototype for function 'I2C_Read' [-Wmissing-prototypes]
void I2C_Read(uint8_t address, uint8_t *buffer, uint8_t size){
     ^
I2C.c(80): note: declare 'static' if the function is not intended to be used outside of this translation unit
void I2C_Read(uint8_t address, uint8_t *buffer, uint8_t size){
^
static 
21 warnings generated.
compiling I2C.c...
linking...
Program Size: Code=376 RO-data=468 RW-data=0 ZI-data=1632  
".\Objects\I2C_Master_Receive_Transmit.axf" - 0 Error(s), 21 Warning(s).

<h2>Software Packages used:</h2>

Package Vendor: ARM
                http://www.keil.com/pack/ARM.CMSIS.5.9.0.pack
                ARM.CMSIS.5.9.0
                CMSIS (Common Microcontroller Software Interface Standard)
   * Component: CORE Version: 5.6.0

Package Vendor: Keil
                http://www.keil.com/pack/Keil.STM32F4xx_DFP.2.16.0.pack
                Keil.STM32F4xx_DFP.2.16.0
                STMicroelectronics STM32F4 Series Device Support, Drivers and Examples
   * Component: Startup Version: 2.6.3

<h2>Collection of Component include folders:</h2>
  ./RTE/_Target_1
  C:/Users/Hasan/AppData/Local/Arm/Packs/ARM/CMSIS/5.9.0/CMSIS/Core/Include
  C:/Users/Hasan/AppData/Local/Arm/Packs/Keil/STM32F4xx_DFP/2.16.0/Drivers/CMSIS/Device/ST/STM32F4xx/Include

<h2>Collection of Component Files used:</h2>

   * Component: ARM::CMSIS:CORE:5.6.0

   * Component: Keil::Device:Startup:2.6.3
      Source file:   MDK/Device/Source/ARM/STM32F446xx_OPT.s
      Source file:   MDK/Device/Source/ARM/STM32F4xx_OTP.s
      Include file:  Drivers/CMSIS/Device/ST/STM32F4xx/Include/stm32f4xx.h
      Source file:   Drivers/CMSIS/Device/ST/STM32F4xx/Source/Templates/arm/startup_stm32f446xx.s
      Source file:   Drivers/CMSIS/Device/ST/STM32F4xx/Source/Templates/system_stm32f4xx.c
Build Time Elapsed:  00:00:01
</pre>
</body>
</html>
